Script started on Sun 22 Feb 2015 11:11:22 PM PST
john@Conical-Desktop-X4:~/Workspace/CS100[redir]$ bin [K/rshell 
john@Conical-Desktop-X4$ echo "Hello" > test/testf
john@Conical-Desktop-X4$ echo "I am line two" >> test/testf
john@Conical-Desktop-X4$ cat < test.test     /test/ f
"Hello"
"I am line two"
"I am line two"
john@Conical-Desktop-X4$ 
john@Conical-Desktop-X4$ ca  echo "Wooo im the first line again" > test/testf
john@Conical-Desktop-X4$ cat < test/tet stf
"Wooo im the first line again"
ine two"
john@Conical-Desktop-X4$ git tag h         ^C
john@Conical-Desktop-X4:~/Workspace/CS100[redir]$ git tag hw2
john@Conical-Desktop-X4:~/Workspace/CS100[redir]$ git [K[K[K[Kgti checkout mastre[K[Ker
No command 'gti' found, did you mean:
 Command 'gri' from package 'gri' (universe)
 Command 'ti' from package 'ticgit' (universe)
 Command 'gsi' from package 'gambc' (universe)
 Command 'bti' from package 'bti' (universe)
 Command 'gtf' from package 'xserver-xorg-core' (main)
 Command 'gtg' from package 'gtg' (universe)
 Command 'gt5' from package 'gt5' (universe)
 Command 'gtv' from package 'smpeg-gtv' (universe)
 Command 'gtm' from package 'postgres-xc' (universe)
 Command 'git' from package 'git' (main)
 Command 'gt' from package 'genometools' (universe)
gti: command not found
john@Conical-Desktop-X4:~/Workspace/CS100[redir]$ gti checkout master^[OH[K[K[K[K[K[K[K[K[K[K[K[K[K[K[K[K[K[K[K[K[K[Kgit cehc[K[K[Kheckout k[Kmaster 
M	src/log.h
Switched to branch 'master'
john@Conical-Desktop-X4:~/Workspace/CS100[master]$ git statsh[K[K[K
stage    stash    status   
john@Conical-Desktop-X4:~/Workspace/CS100[master]$ git stash 
Saved working directory and index state WIP on master: be16cb3 Cleanup
HEAD is now at be16cb3 Cleanup
john@Conical-Desktop-X4:~/Workspace/CS100[master]$ vin[Km src/log.h
[?1049h[?1h=[2;1Hâ–½[6n[1;1H  [1;1H[1;29r[?12;25h[?12l[?25h[27m[m[H[2J[?25l[29;1H"src/log.h" 115L, 2301C[>c[1;1H[34m/*
 * log.h
 *
 *  Created on: Jan 15, 2015
 *      Author: john
 */[m

[35m#ifndef LOG_H_
#define LOG_H_
#include [m[31m<sstream>[m
[35m#include [m[31m<string>[m
[35m#include [m[31m<vector>[m
[35m#include [m[31m<iostream>[m
[34m// Comment this out to disable debuging[m
[35m#define DEBUG[m

[33musing[m std::string;
[33musing[m std::vector;
[33musing[m std::cout;
[33musing[m std::endl;
[33musing[m std::cerr;
[34m///////////////////////////[m
[32mbool[m isConnector(string str);
string IntToString([32mint[m num);
[32mvoid[m dumpEntireCommandVector(vector<vector<string> > commandSet);
[32mvoid[m dumpCommandVector(vector<string> commandSet);[29;214H1,1[11CTop[1;1H[?12l[?25hP+q436f\P+q6b75\P+q6b64\P+q6b72\P+q6b6c\P+q2332\P+q2334\P+q2569\P+q2a37\P+q6b31\[?25l[29;214H2[2;1H[?12l[?25h[?25l[29;214H3[3;1H[?12l[?25h[?25l[29;214H4[4;1H[?12l[?25h[?25l[29;214H5[5;1H[?12l[?25h[?25l[29;214H6[6;1H[?12l[?25h[?25l[29;214H7,0-1[7;1H[?12l[?25h[?25l[29;214H8,1  [8;1H[?12l[?25h[?25l[29;214H9[9;1H[?12l[?25h[?25l[29;214H10,1[10;1H[?12l[?25h[?25l[29;215H1[11;1H[?12l[?25h[?25l[29;215H2[12;1H[?12l[?25h[?25l[29;215H3[13;1H[?12l[?25h[?25l[29;215H4[14;1H[?12l[?25h[?25l[29;215H5[15;1H[?12l[?25h[?25l[29;215H6,0-1[16;1H[?12l[?25h[?25l[29;215H7,1  [17;1H[?12l[?25h[?25l[29;215H8[18;1H[?12l[?25h[?25l[29;215H9[19;1H[?12l[?25h[?25l[29;214H20[20;1H[?12l[?25h[?25l[29;215H1[21;1H[?12l[?25h[?25l[29;215H2[22;1H[?12l[?25h[?25l[29;215H3[23;1H[?12l[?25h[?25l[29;215H4[24;1H[?12l[?25h[?25l[29;215H5[25;1H[?12l[?25h[?25l[29;215H6[26;1H[?12l[?25h[?25l[29;215H7,0-1[27;1H[?12l[?25h[?25l[29;215H8[28;1H[?12l[?25h[?25l[1;28r[28;1H
[1;29r[29;1H[K[29;214H29,0-1[9C1%[28;1H[?12l[?25h[?25l[1;28r[28;1H
[1;29r[29;214H[K[29;214H30,0-1[9C2%[28;1H[?12l[?25h[?25l[1;28r[28;1H
[1;29r[28;1H[34m// NEVER leave this in a IF statement by itself with no braces!!!!![m[29;214H[K[29;214H31,1[11C3%[28;1H[?12l[?25h[?25l[1;28r[28;1H
[1;29r[28;1H[34m// it may wreck the compile as all occurence get replace by a space[m[29;214H[K[29;214H32,1[11C4%[28;1H[?12l[?25h[?25l[1;28r[28;1H
[1;29r[28;1H[34m// meaning the if will pull the next statment as the clause[m[29;214H[K[29;214H33,1[11C5%[28;1H[?12l[?25h[?25l[1;28r[28;1H
[1;29r[28;1H[35m#ifdef DEBUG[m[29;214H[K[29;214H34,1[11C6%[28;1H[?12l[?25h[?25l[29;215H3[27;1H[?12l[?25h[?25l[29;215H2[26;1H[?12l[?25h[?25l[29;215H1[25;1H[?12l[?25h[?25l[29;215H0,0-1[24;1H[?12l[?25h[?25l[29;214H29[23;1H[?12l[?25h[?25l[29;215H8[22;1H[?12l[?25h[?25l[29;215H7[21;1H[?12l[?25h[?25l[29;215H6,1  [20;1H[?12l[?25h[?25l[29;215H5[19;1H[?12l[?25h[?25l[29;215H4[18;1H[?12l[?25h[?25l[29;215H3[17;1H[?12l[?25h[?25l[29;215H2[16;1H[?12l[?25h[?25l[29;215H1[15;1H[?12l[?25h[?25l[29;215H0[14;1H[?12l[?25h[?25l[29;214H19[13;1H[?12l[?25h[?25l[29;215H8[12;1H[?12l[?25h[?25l[29;215H7[11;1H[?12l[?25h[?25l[29;215H6,0-1[10;1H[?12l[?25h[?25l[29;215H5,1  [9;1H[?12l[?25h[?25l[29;215H4[8;1H[?12l[?25h[?25l[29;215H3[7;1H[?12l[?25h[?25l[29;215H2[6;1H[?12l[?25h[?25l[29;215H1[5;1H[?12l[?25h[?25l[29;215H0[4;1H[?12l[?25h[?25l[29;214H9,1 [3;1H[?12l[?25h[?25l[29;214H8[2;1H[?12l[?25h[?25l[29;214H7,0-1[1;1H[?12l[?25h[?25l[1;28r[1;1H[L[1;29r[1;1H[34m */[m[29;214H[K[29;214H6,1[12C5%[1;1H[?12l[?25h[?25l[1;28r[1;1H[L[1;29r[1;1H[34m *      Author: john[m[29;214H[K[29;214H5,1[12C4%[1;1H[?12l[?25h[?25l[1;28r[1;1H[L[1;29r[1;1H[34m *  Created on: Jan 15, 2015[m[29;214H[K[29;214H4,1[12C3%[1;1H[?12l[?25h[?25l[1;28r[1;1H[L[1;29r[1;1H[34m *[m[29;214H[K[29;214H3,1[12C2%[1;1H[?12l[?25h[?25l[1;28r[1;1H[L[1;29r[1;1H[34m * log.h[m[29;214H[K[29;214H2,1[12C1%[1;1H[?12l[?25h[?25l[1;28r[1;1H[L[1;29r[1;1H[34m/*[m[29;214H[K[29;214H1,1[11CTop[1;1H[?12l[?25h[?25l[29;214H2[2;1H[?12l[?25h[?25l[29;214H3[3;1H[?12l[?25h[?25l[29;214H4[4;1H[?12l[?25h[?25l[29;214H5[5;1H[?12l[?25h[?25l[29;214H6[6;1H[?12l[?25h[?25l[29;214H7,0-1[7;1H[?12l[?25h[?25l[29;214H8,1  [8;1H[?12l[?25h[?25l[29;214H9[9;1H[?12l[?25h[?25l[29;214H10,1[10;1H[?12l[?25h[?25l[29;215H1[11;1H[?12l[?25h[?25l[29;215H2[12;1H[?12l[?25h[?25l[29;215H3[13;1H[?12l[?25h[?25l[29;215H4[14;1H[?12l[?25h[?25l[29;215H5[15;1H[?12l[?25h[?25l[29;1H[1m-- INSERT --[m[29;214H[K[29;214H15,1[10CTop[15;1H[?12l[?25h[?25l/#define DEBUG[29;217H2[15;2H[?12l[?25h[?25l[34m//#define DEBUG[m[29;217H3[15;3H[?12l[?25h[29;1H[K[15;2H[?25l[29;214H15,2[10CTop[15;2H[?12l[?25h[?25l[29;214H[K[29;1H:[?12l[?25hx[?25l[?12l[?25h[?25l"src/log.h" 115L, 2303C written
[?1l>[?12l[?25h[?1049ljohn@Conical-Desktop-X4:~/Workspace/CS100[master]$ git add src/log.h
john@Conical-Desktop-X4:~/Workspace/CS100[master]$ git commit -m''D'i's'a'b'l'e' 'd'e'b'u'g'g'i'n'g'
[master 117de65] Disable debugging
 1 file changed, 1 insertion(+), 1 deletion(-)
john@Conical-Desktop-X4:~/Workspace/CS100[master]$ git tag hw2
fatal: tag 'hw2' already exists
john@Conical-Desktop-X4:~/Workspace/CS100[master]$ git tag -d hw2
Deleted tag 'hw2' (was be16cb3)
john@Conical-Desktop-X4:~/Workspace/CS100[master]$ git tag -d hw2[3Phw2
john@Conical-Desktop-X4:~/Workspace/CS100[master]$ git push master
warning: push.default is unset; its implicit value is changing in
Git 2.0 from 'matching' to 'simple'. To squelch this message
and maintain the current behavior after the default changes, use:

  git config --global push.default matching

To squelch this message and adopt the new behavior now, use:

  git config --global push.default simple

When push.default is set to 'matching', git will push local branches
to the remote branches that al